// Jest Snapshot v1, https://goo.gl/fbAQLP

exports[`Tests on <GifExpertApp /> should to match with snapshot 1`] = `
<div>
  <h1>
    GifExpertApp
  </h1>
  <form
    aria-label="form"
  >
    <input
      placeholder="Search Gifs"
      type="text"
      value=""
    />
  </form>
  <h2>
    One Punch
  </h2>
  <p>
    Is Loading...
  </p>
  <section
    class="card-grid"
  />
</div>
`;
